MPLINK 4.49, Linker
Linker Map File - Created Wed Feb 02 12:35:33 2022

                                 Section Info
                  Section       Type    Address   Location Size(Bytes)
                ---------  ---------  ---------  ---------  ---------
                   .org_0       code   0x000000    program   0x000000
                   .org_1       code   0x000000    program   0x000002
                   .org_2       code   0x000010    program   0x00007a



                              Program Memory Usage 
                               Start         End      
                           ---------   ---------      
                            0x000000    0x000000      
                            0x000010    0x00004c      
            62 out of 8454 program addresses used, program memory utilization is 0%



                              Symbols - Sorted by Name
                     Name    Address   Location    Storage File                     
                ---------  ---------  ---------  --------- ---------                
                    DELAY   0x000043    program     static C:\Users\HP\Documents\Programas\1.asm
                   INICIO   0x000010    program     static C:\Users\HP\Documents\Programas\1.asm
                     LED1   0x00002f    program     static C:\Users\HP\Documents\Programas\1.asm
                     LED2   0x000034    program     static C:\Users\HP\Documents\Programas\1.asm
                     LED3   0x000039    program     static C:\Users\HP\Documents\Programas\1.asm
                     LED4   0x00003e    program     static C:\Users\HP\Documents\Programas\1.asm
                    LOOP1   0x000019    program     static C:\Users\HP\Documents\Programas\1.asm
                    LOOP2   0x00001d    program     static C:\Users\HP\Documents\Programas\1.asm
                    LOOP3   0x000022    program     static C:\Users\HP\Documents\Programas\1.asm
                    LOOP4   0x000028    program     static C:\Users\HP\Documents\Programas\1.asm
                    START   0x000017    program     static C:\Users\HP\Documents\Programas\1.asm
                      STR   0x000019    program     static C:\Users\HP\Documents\Programas\1.asm
                   loop10   0x000047    program     static C:\Users\HP\Documents\Programas\1.asm
                   loop11   0x000048    program     static C:\Users\HP\Documents\Programas\1.asm



                              Symbols - Sorted by Address
                     Name    Address   Location    Storage File                     
                ---------  ---------  ---------  --------- ---------                
                   INICIO   0x000010    program     static C:\Users\HP\Documents\Programas\1.asm
                    START   0x000017    program     static C:\Users\HP\Documents\Programas\1.asm
                    LOOP1   0x000019    program     static C:\Users\HP\Documents\Programas\1.asm
                      STR   0x000019    program     static C:\Users\HP\Documents\Programas\1.asm
                    LOOP2   0x00001d    program     static C:\Users\HP\Documents\Programas\1.asm
                    LOOP3   0x000022    program     static C:\Users\HP\Documents\Programas\1.asm
                    LOOP4   0x000028    program     static C:\Users\HP\Documents\Programas\1.asm
                     LED1   0x00002f    program     static C:\Users\HP\Documents\Programas\1.asm
                     LED2   0x000034    program     static C:\Users\HP\Documents\Programas\1.asm
                     LED3   0x000039    program     static C:\Users\HP\Documents\Programas\1.asm
                     LED4   0x00003e    program     static C:\Users\HP\Documents\Programas\1.asm
                    DELAY   0x000043    program     static C:\Users\HP\Documents\Programas\1.asm
                   loop10   0x000047    program     static C:\Users\HP\Documents\Programas\1.asm
                   loop11   0x000048    program     static C:\Users\HP\Documents\Programas\1.asm


