MPLINK 4.49, Linker
Linker Map File - Created Tue Mar 15 21:27:39 2022

                                 Section Info
                  Section       Type    Address   Location Size(Bytes)
                ---------  ---------  ---------  ---------  ---------
                   .org_0       code   0x000000    program   0x000000
                   .org_1       code   0x000000    program   0x000054



                              Program Memory Usage 
                               Start         End      
                           ---------   ---------      
                            0x000000    0x000029      
            42 out of 8454 program addresses used, program memory utilization is 0%



                              Symbols - Sorted by Name
                     Name    Address   Location    Storage File                     
                ---------  ---------  ---------  --------- ---------                
                    DELAY   0x000020    program     static C:\Users\HP\Documents\Programas\4\4.asm
                   INICIO   0x000001    program     static C:\Users\HP\Documents\Programas\4\4.asm
                    LOOP1   0x000024    program     static C:\Users\HP\Documents\Programas\4\4.asm
                    LOOP2   0x000025    program     static C:\Users\HP\Documents\Programas\4\4.asm
                    START   0x00000c    program     static C:\Users\HP\Documents\Programas\4\4.asm



                              Symbols - Sorted by Address
                     Name    Address   Location    Storage File                     
                ---------  ---------  ---------  --------- ---------                
                   INICIO   0x000001    program     static C:\Users\HP\Documents\Programas\4\4.asm
                    START   0x00000c    program     static C:\Users\HP\Documents\Programas\4\4.asm
                    DELAY   0x000020    program     static C:\Users\HP\Documents\Programas\4\4.asm
                    LOOP1   0x000024    program     static C:\Users\HP\Documents\Programas\4\4.asm
                    LOOP2   0x000025    program     static C:\Users\HP\Documents\Programas\4\4.asm


