MPLINK 4.49, Linker
Linker Map File - Created Thu Feb 24 13:46:37 2022

                                 Section Info
                  Section       Type    Address   Location Size(Bytes)
                ---------  ---------  ---------  ---------  ---------
                   .org_0       code   0x000000    program   0x000000
                   .org_1       code   0x000000    program   0x000000
                   .org_2       code   0x000010    program   0x000128



                              Program Memory Usage 
                               Start         End      
                           ---------   ---------      
                            0x000010    0x0000a3      
            148 out of 8454 program addresses used, program memory utilization is 1%



                              Symbols - Sorted by Name
                     Name    Address   Location    Storage File                     
                ---------  ---------  ---------  --------- ---------                
                       A1   0x000026    program     static C:\Users\HP\Documents\Programas\2\2.asm
                      A10   0x000074    program     static C:\Users\HP\Documents\Programas\2\2.asm
                      A11   0x00007c    program     static C:\Users\HP\Documents\Programas\2\2.asm
                      A12   0x000082    program     static C:\Users\HP\Documents\Programas\2\2.asm
                      A13   0x00008a    program     static C:\Users\HP\Documents\Programas\2\2.asm
                      A14   0x000090    program     static C:\Users\HP\Documents\Programas\2\2.asm
                      A15   0x000096    program     static C:\Users\HP\Documents\Programas\2\2.asm
                       A2   0x000030    program     static C:\Users\HP\Documents\Programas\2\2.asm
                       A3   0x00003a    program     static C:\Users\HP\Documents\Programas\2\2.asm
                       A4   0x000042    program     static C:\Users\HP\Documents\Programas\2\2.asm
                       A5   0x00004c    program     static C:\Users\HP\Documents\Programas\2\2.asm
                       A6   0x000054    program     static C:\Users\HP\Documents\Programas\2\2.asm
                       A7   0x00005c    program     static C:\Users\HP\Documents\Programas\2\2.asm
                       A8   0x000062    program     static C:\Users\HP\Documents\Programas\2\2.asm
                       A9   0x00006c    program     static C:\Users\HP\Documents\Programas\2\2.asm
                    DELAY   0x00009a    program     static C:\Users\HP\Documents\Programas\2\2.asm
                   INICIO   0x00001a    program     static C:\Users\HP\Documents\Programas\2\2.asm
                    LOOP1   0x00009e    program     static C:\Users\HP\Documents\Programas\2\2.asm
                    LOOP2   0x00009f    program     static C:\Users\HP\Documents\Programas\2\2.asm



                              Symbols - Sorted by Address
                     Name    Address   Location    Storage File                     
                ---------  ---------  ---------  --------- ---------                
                   INICIO   0x00001a    program     static C:\Users\HP\Documents\Programas\2\2.asm
                       A1   0x000026    program     static C:\Users\HP\Documents\Programas\2\2.asm
                       A2   0x000030    program     static C:\Users\HP\Documents\Programas\2\2.asm
                       A3   0x00003a    program     static C:\Users\HP\Documents\Programas\2\2.asm
                       A4   0x000042    program     static C:\Users\HP\Documents\Programas\2\2.asm
                       A5   0x00004c    program     static C:\Users\HP\Documents\Programas\2\2.asm
                       A6   0x000054    program     static C:\Users\HP\Documents\Programas\2\2.asm
                       A7   0x00005c    program     static C:\Users\HP\Documents\Programas\2\2.asm
                       A8   0x000062    program     static C:\Users\HP\Documents\Programas\2\2.asm
                       A9   0x00006c    program     static C:\Users\HP\Documents\Programas\2\2.asm
                      A10   0x000074    program     static C:\Users\HP\Documents\Programas\2\2.asm
                      A11   0x00007c    program     static C:\Users\HP\Documents\Programas\2\2.asm
                      A12   0x000082    program     static C:\Users\HP\Documents\Programas\2\2.asm
                      A13   0x00008a    program     static C:\Users\HP\Documents\Programas\2\2.asm
                      A14   0x000090    program     static C:\Users\HP\Documents\Programas\2\2.asm
                      A15   0x000096    program     static C:\Users\HP\Documents\Programas\2\2.asm
                    DELAY   0x00009a    program     static C:\Users\HP\Documents\Programas\2\2.asm
                    LOOP1   0x00009e    program     static C:\Users\HP\Documents\Programas\2\2.asm
                    LOOP2   0x00009f    program     static C:\Users\HP\Documents\Programas\2\2.asm


